// Jest Snapshot v1, https://goo.gl/fbAQLP

exports[`Button submits form 1`] = `ReactWrapper {}`;

exports[`renders Login comp 1`] = `[Function]`;
